a64l
abort
abs
access
acos
acosf
acosh
acoshf
acoshl
acosl
__aio_close
arc4random_buf
asin
asinf
asinh
asinhf
asinhl
asinl
asprintf
atan
atan2
atan2f
atan2l
atanf
atanh
atanhf
atanhl
atanl
atexit
atof
atoi
atol
atoll
basename
bcmp
bcopy
bsearch
bzero
cabs
cabsf
cabsl
cacos
cacosf
cacosh
cacoshf
cacoshl
cacosl
calloc
cap_rights_get_explicit
cap_rights_limit_explicit
carg
cargf
cargl
casin
casinf
casinh
casinhf
casinhl
casinl
catan
catanf
catanh
catanhf
catanhl
catanl
cbrt
cbrtf
cbrtl
ccos
ccosf
ccosh
ccoshf
ccoshl
ccosl
ceil
ceilf
ceill
cexp
cexpf
cexpl
cfgetispeed
cfgetospeed
cfmakeraw
cfsetispeed
cfsetospeed
cfsetspeed
cimag
cimagf
cimagl
clearerr
clearerr_unlocked
clock
clock_getres
clock_gettime
_CLOCK_MONOTONIC
clock_nanosleep
_CLOCK_PROCESS_CPUTIME_ID
_CLOCK_REALTIME
_CLOCK_THREAD_CPUTIME_ID
clog
clogf
clogl
close
closedir
closelog
CMSG_FIRSTHDR
CMSG_NXTHDR
confstr
conj
conjf
conjl
copysign
copysignf
copysignl
cos
__cos
__cosdf
cosf
cosh
coshf
coshl
cosl
__cosl
__cowslibc_register_preopened_fd
cpow
cpowf
cpowl
cproj
cprojf
cprojl
creal
crealf
creall
crypt
__crypt_blowfish
__crypt_des
__crypt_md5
__crypt_r
crypt_r
__crypt_sha256
__crypt_sha512
csin
csinf
csinh
csinhf
csinhl
csinl
csqrt
csqrtf
csqrtl
ctan
ctanf
ctanh
ctanhf
ctanhl
ctanl
__ctype_b_loc
__ctype_tolower_loc
__ctype_toupper_loc
__cxa_atexit
__cxa_finalize
__des_setkey
dirname
div
dlmalloc_usable_size
__do_des
dprintf
drand48
drem
dremf
dup
dup2
eaccess
ecvt
__EINVAL
encrypt
__ENOMEM
erand48
erf
erfc
erfcf
erfcl
erff
erfl
errno
exit
_exit
_Exit
exp
exp10
exp10f
exp10l
exp2
exp2f
exp2l
expf
expl
explicit_bzero
expm1
expm1f
expm1l
__expo2
__expo2f
fabs
fabsf
fabsl
faccessat
fclose
fcntl
fcvt
fdatasync
fdclosedir
fdim
fdimf
fdiml
fdopendir
FD_ZERO
feclearexcept
fegetenv
fegetround
feof
feof_unlocked
feraiseexcept
ferror
ferror_unlocked
fesetenv
__fesetround
fetestexcept
fflush
fflush_unlocked
ffs
ffsl
ffsll
fgets
fgets_unlocked
_fini
finite
finitef
floor
floorf
floorl
fma
fmaf
fmal
fmax
fmaxf
fmaxl
fmin
fminf
fminl
fmod
fmodf
fmodl
fmtmsg
fopen
fopen64
fpathconf
__fpclassify
__fpclassifyf
__fpclassifyl
fprintf
fputs
fputs_unlocked
fread
fread_unlocked
free
frexp
frexpf
frexpl
fscanf
fstat
fstatat
fsync
ftruncate
__funcs_on_exit
__funcs_on_exit
futimens
fwrite
fwrite_unlocked
__fwritex
gcvt
getauxval
__getauxval
get_avphys_pages
getc
get_current_dir_name
getdomainname
getentropy
gethostid
get_nprocs
get_nprocs_conf
getopt
getopt_long
getopt_long_only
__getopt_msg
get_phys_pages
getrusage
getsockopt
getsubopt
gettimeofday
hcreate
hcreate_r
hdestroy
hdestroy_r
hsearch
hsearch_r
hypot
hypotf
hypotl
ilogb
ilogbf
ilogbl
imaxabs
imaxdiv
index
initstate
insque
__invtrigl_R
ioctl
_IO_feof_unlocked
_IO_ferror_unlocked
_IO_getc
_IO_putc
isalnum
__isalnum_l
isalnum_l
isalpha
__isalpha_l
isalpha_l
isascii
isblank
__isblank_l
isblank_l
iscntrl
__iscntrl_l
iscntrl_l
isdigit
__isdigit_l
isdigit_l
isgraph
__isgraph_l
isgraph_l
islower
__islower_l
islower_l
__isoc99_fscanf
__isoc99_scanf
__isoc99_sscanf
__isoc99_vfscanf
__isoc99_vscanf
__isoc99_vsscanf
isprint
__isprint_l
isprint_l
ispunct
__ispunct_l
ispunct_l
isspace
__isspace_l
isspace_l
isupper
__isupper_l
isupper_l
iswalnum
__iswalnum_l
iswalnum_l
iswalpha
__iswalpha_l
iswalpha_l
iswblank
__iswblank_l
iswblank_l
iswcntrl
__iswcntrl_l
iswcntrl_l
iswctype
__iswctype_l
iswctype_l
iswdigit
__iswdigit_l
iswdigit_l
iswgraph
__iswgraph_l
iswgraph_l
iswlower
__iswlower_l
iswlower_l
iswprint
__iswprint_l
iswprint_l
iswpunct
__iswpunct_l
iswpunct_l
iswspace
__iswspace_l
iswspace_l
iswupper
__iswupper_l
iswupper_l
iswxdigit
__iswxdigit_l
iswxdigit_l
isxdigit
__isxdigit_l
isxdigit_l
j0
j0f
j1
j1f
jn
jnf
jrand48
l64a
labs
lcong48
ldexp
__ldexp_cexp
__ldexp_cexpf
ldexpf
ldexpl
ldiv
lfind
lgamma
lgammaf
__lgammaf_r
lgammaf_r
lgammal
__lgammal_r
lgammal_r
__lgamma_r
lgamma_r
__libc_exit_fini
linkat
llabs
lldiv
llrint
llrintf
llrintl
llround
llroundf
llroundl
log
log10
log10f
log10l
log1p
log1pf
log1pl
log2
log2f
log2l
logb
logbf
logbl
logf
login_tty
logl
lrand48
lrint
lrintf
lrintl
lround
lroundf
lroundl
lsearch
lseek
lstat
malloc
memccpy
memchr
memchr
memcmp
memcpy
memcpy
memmem
memmove
memmove
mempcpy
memrchr
__memrchr
memset
memset
mkdirat
mkdtemp
mkostemp
mkostemp64
mkostemps
__mkostemps
mkostemps64
mkstemp
mkstemp64
mkstemps
mkstemps64
mktemp
mmap
modf
modff
modfl
mprotect
mrand48
msync
munmap
nan
nanf
nanl
nearbyint
nearbyintf
nearbyintl
nextafter
nextafterf
nextafterl
nexttoward
nexttowardf
nexttowardl
nrand48
__ofl_lock
__ofl_unlock
open
openat
opendirat
openlog
optarg
opterr
optind
optopt
__optpos
optreset
__optreset
__overflow
__p1evll
pathconf
__pio2_hi
__pio2_lo
pipe
__polevll
poll
posix_fadvise
posix_fallocate
__posix_getopt
posix_madvise
posix_memalign
pow
pow10
pow10f
pow10l
powf
powl
pread
preadv
printf
pselect
putc
puts
pwrite
pwritev
qsort
qsort
rand
__rand48_step
__randname
random
rand_r
read
readdir
readlinkat
readv
realloc
recv
recvmsg
remainder
remainderf
remainderl
__rem_pio2
__rem_pio2f
__rem_pio2l
__rem_pio2_large
remque
remquo
remquof
remquol
rename
renameat
rewinddir
rindex
rint
rintf
rintl
round
roundf
roundl
sbrk
scalb
scalbf
scalbln
scalblnf
scalblnl
scalbn
scalbnf
scalbnl
scandirat
scanf
sched_yield
seed48
__seed48
seekdir
select
send
sendmsg
setkey
setlogmask
setstate
shutdown
__signbit
__signbitf
__signbitl
signgam
__signgam
significand
significandf
sin
__sin
sincos
sincosf
sincosl
__sindf
sinf
sinh
sinhf
sinhl
sinl
__sinl
snprintf
socketpair
sprintf
sqrt
sqrtf
sqrtl
srand
srand48
srandom
sscanf
stat
stderr
__stderr_FILE
__stderr_used
__stderr_used
__stderr_used
stdin
__stdin_FILE
__stdin_used
__stdin_used
__stdio_close
__stdio_exit
__stdio_exit
__stdio_exit_needed
__stdio_read
__stdio_seek
__stdio_write
stdout
__stdout_FILE
__stdout_used
__stdout_used
__stdout_used
__stdout_write
stpcpy
__stpcpy
stpncpy
__stpncpy
strcasecmp
__strcasecmp_l
strcasecmp_l
strcasestr
strchr
strchrnul
__strchrnul
strcmp
strcmp
strcpy
strcspn
strdup
strdup
strerror
strerror_r
strlcat
strlcpy
strlen
strlen
strncasecmp
__strncasecmp_l
strncasecmp_l
strncat
strncmp
strncpy
strndup
strnlen
strpbrk
strrchr
strsep
strspn
strstr
strtod
__strtod_l
strtod_l
strtof
__strtof_l
strtof_l
strtoimax
__strtoimax_internal
strtok
strtok_r
strtol
strtold
__strtold_l
strtold_l
__strtol_internal
strtoll
__strtoll_internal
strtoul
__strtoul_internal
strtoull
__strtoull_internal
strtoumax
__strtoumax_internal
strverscmp
swab
symlinkat
sysconf
syslog
tan
__tan
__tandf
tanf
tanh
tanhf
tanhl
tanl
__tanl
tcdrain
tcflow
tcflush
tcgetattr
tcgetsid
tcsendbreak
tcsetattr
tdelete
tdestroy
telldir
tfind
tgamma
tgammaf
tgammal
time
times
toascii
tolower
__tolower_l
tolower_l
toupper
__toupper_l
toupper_l
towctrans
__towctrans_l
towctrans_l
towlower
__towlower_l
towlower_l
__towrite
__towrite_needs_stdio_exit
towupper
__towupper_l
towupper_l
trunc
truncf
truncl
tsearch
__tsearch_balance
twalk
unlinkat
__unlist_locked_file
utimensat
vasprintf
vdprintf
vfprintf
vfscanf
vprintf
vscanf
vsnprintf
vsprintf
vsscanf
vsyslog
wcstod
wcstof
wcstoimax
wcstol
wcstold
wcstoll
wcstoul
wcstoull
wcstoumax
wcswidth
wctrans
__wctrans_l
wctrans_l
wctype
__wctype_l
wctype_l
wcwidth
write
writev
__xpg_basename
__xpg_strerror_r
y0
y0f
y1
y1f
yn
ynf
