CMSG_FIRSTHDR
CMSG_NXTHDR
FD_ZERO
_CLOCK_MONOTONIC
_CLOCK_PROCESS_CPUTIME_ID
_CLOCK_REALTIME
_CLOCK_THREAD_CPUTIME_ID
_Exit
_IO_feof_unlocked
_IO_ferror_unlocked
_IO_getc
_IO_putc
__EINVAL
__ENOMEM
__aio_close
__cos
__cosdf
__cosl
__crypt_blowfish
__crypt_des
__crypt_md5
__crypt_r
__crypt_sha256
__crypt_sha512
__ctype_b_loc
__ctype_tolower_loc
__ctype_toupper_loc
__cxa_atexit
__cxa_finalize
__des_setkey
__do_des
__expo2
__expo2f
__fesetround
__floatscan
__fmodeflags
__fpclassify
__fpclassifyf
__fpclassifyl
__funcs_on_exit
__funcs_on_exit
__fwritex
__getopt_msg
__intscan
__invtrigl_R
__isalnum_l
__isalpha_l
__isblank_l
__iscntrl_l
__isdigit_l
__isgraph_l
__islower_l
__isoc99_fscanf
__isoc99_scanf
__isoc99_sscanf
__isoc99_vfscanf
__isoc99_vscanf
__isoc99_vsscanf
__isprint_l
__ispunct_l
__isspace_l
__isupper_l
__iswalnum_l
__iswalpha_l
__iswblank_l
__iswcntrl_l
__iswctype_l
__iswdigit_l
__iswgraph_l
__iswlower_l
__iswprint_l
__iswpunct_l
__iswspace_l
__iswupper_l
__iswxdigit_l
__isxdigit_l
__ldexp_cexp
__ldexp_cexpf
__lgamma_r
__lgammaf_r
__lgammal_r
__libc_exit_fini
__memrchr
__mkostemps
__ofl_lock
__ofl_unlock
__optpos
__optreset
__overflow
__p1evll
__pio2_hi
__pio2_lo
__polevll
__posix_getopt
__rand48_step
__randname
__rem_pio2
__rem_pio2_large
__rem_pio2f
__rem_pio2l
__seed48
__shgetc
__shlim
__signbit
__signbitf
__signbitl
__signgam
__sin
__sindf
__sinl
__stderr_FILE
__stderr_used
__stderr_used
__stderr_used
__stdin_FILE
__stdin_used
__stdin_used
__stdio_close
__stdio_exit
__stdio_exit
__stdio_exit_needed
__stdio_read
__stdio_seek
__stdio_write
__stdout_FILE
__stdout_used
__stdout_used
__stdout_used
__stdout_write
__stpcpy
__stpncpy
__strcasecmp_l
__strchrnul
__string_read
__strncasecmp_l
__strtod_l
__strtof_l
__strtoimax_internal
__strtol_internal
__strtold_l
__strtoll_internal
__strtoul_internal
__strtoull_internal
__strtoumax_internal
__tan
__tandf
__tanl
__tolower_l
__toread
__toread_needs_stdio_exit
__toupper_l
__towctrans_l
__towlower_l
__towrite
__towrite_needs_stdio_exit
__towupper_l
__tsearch_balance
__uflow
__unlist_locked_file
__wasilibc_register_preopened_fd
__wctrans_l
__wctype_l
__xpg_basename
__xpg_strerror_r
_exit
_fini
_start
a64l
abort
abs
access
acos
acosf
acosh
acoshf
acoshl
acosl
arc4random_buf
asin
asinf
asinh
asinhf
asinhl
asinl
asprintf
atan
atan2
atan2f
atan2l
atanf
atanh
atanhf
atanhl
atanl
atexit
atof
atoi
atol
atoll
basename
bcmp
bcopy
bsearch
bzero
cabs
cabsf
cabsl
cacos
cacosf
cacosh
cacoshf
cacoshl
cacosl
calloc
cap_rights_get_explicit
cap_rights_limit_explicit
carg
cargf
cargl
casin
casinf
casinh
casinhf
casinhl
casinl
catan
catanf
catanh
catanhf
catanhl
catanl
cbrt
cbrtf
cbrtl
ccos
ccosf
ccosh
ccoshf
ccoshl
ccosl
ceil
ceilf
ceill
cexp
cexpf
cexpl
cimag
cimagf
cimagl
clearerr
clearerr_unlocked
clock
clock_getres
clock_gettime
clock_nanosleep
clog
clogf
clogl
close
closedir
closelog
confstr
conj
conjf
conjl
copysign
copysignf
copysignl
cos
cosf
cosh
coshf
coshl
cosl
cpow
cpowf
cpowl
cproj
cprojf
cprojl
creal
crealf
creall
crypt
crypt_r
csin
csinf
csinh
csinhf
csinhl
csinl
csqrt
csqrtf
csqrtl
ctan
ctanf
ctanh
ctanhf
ctanhl
ctanl
dirname
div
dlmalloc_usable_size
dprintf
drand48
drem
dremf
dup
dup2
eaccess
ecvt
encrypt
erand48
erf
erfc
erfcf
erfcl
erff
erfl
errno
exit
exp
exp10
exp10f
exp10l
exp2
exp2f
exp2l
expf
expl
explicit_bzero
expm1
expm1f
expm1l
fabs
fabsf
fabsl
faccessat
fclose
fcntl
fcvt
fdatasync
fdclosedir
fdim
fdimf
fdiml
fdopendir
feclearexcept
fegetenv
fegetround
feof
feof_unlocked
feraiseexcept
ferror
ferror_unlocked
fesetenv
fetestexcept
fflush
fflush_unlocked
ffs
ffsl
ffsll
fgets
fgets_unlocked
finite
finitef
floor
floorf
floorl
fma
fmaf
fmal
fmax
fmaxf
fmaxl
fmin
fminf
fminl
fmod
fmodf
fmodl
fmtmsg
fopen
fopen64
fpathconf
fprintf
fputs
fputs_unlocked
fread
fread_unlocked
free
frexp
frexpf
frexpl
fscanf
fstat
fstatat
fsync
ftruncate
futimens
fwrite
fwrite_unlocked
gcvt
get_avphys_pages
get_current_dir_name
get_nprocs
get_nprocs_conf
get_phys_pages
getc
getdomainname
getentropy
gethostid
getopt
getopt_long
getopt_long_only
getrusage
getsockopt
getsubopt
gettimeofday
hcreate
hcreate_r
hdestroy
hdestroy_r
hsearch
hsearch_r
hypot
hypotf
hypotl
ilogb
ilogbf
ilogbl
imaxabs
imaxdiv
index
initstate
insque
ioctl
isalnum
isalnum_l
isalpha
isalpha_l
isascii
isblank
isblank_l
iscntrl
iscntrl_l
isdigit
isdigit_l
isgraph
isgraph_l
islower
islower_l
isprint
isprint_l
ispunct
ispunct_l
isspace
isspace_l
isupper
isupper_l
iswalnum
iswalnum_l
iswalpha
iswalpha_l
iswblank
iswblank_l
iswcntrl
iswcntrl_l
iswctype
iswctype_l
iswdigit
iswdigit_l
iswgraph
iswgraph_l
iswlower
iswlower_l
iswprint
iswprint_l
iswpunct
iswpunct_l
iswspace
iswspace_l
iswupper
iswupper_l
iswxdigit
iswxdigit_l
isxdigit
isxdigit_l
j0
j0f
j1
j1f
jn
jnf
jrand48
l64a
labs
lcong48
ldexp
ldexpf
ldexpl
ldiv
lfind
lgamma
lgamma_r
lgammaf
lgammaf_r
lgammal
lgammal_r
linkat
llabs
lldiv
llrint
llrintf
llrintl
llround
llroundf
llroundl
log
log10
log10f
log10l
log1p
log1pf
log1pl
log2
log2f
log2l
logb
logbf
logbl
logf
logl
lrand48
lrint
lrintf
lrintl
lround
lroundf
lroundl
lsearch
lseek
lstat
malloc
memccpy
memchr
memcmp
memcpy
memmem
memmove
mempcpy
memrchr
memset
mkdirat
mkdtemp
mkostemp
mkostemp64
mkostemps
mkostemps64
mkstemp
mkstemp64
mkstemps
mkstemps64
mktemp
mmap
modf
modff
modfl
mprotect
mrand48
msync
munmap
nan
nanf
nanl
nearbyint
nearbyintf
nearbyintl
nextafter
nextafterf
nextafterl
nexttoward
nexttowardf
nexttowardl
nrand48
open
openat
opendirat
openlog
optarg
opterr
optind
optopt
optreset
pathconf
pipe
poll
posix_fadvise
posix_fallocate
posix_madvise
posix_memalign
pow
pow10
pow10f
pow10l
powf
powl
pread
preadv
printf
pselect
putc
puts
pwrite
pwritev
qsort
rand
rand_r
random
read
readdir
readlinkat
readv
realloc
recv
recvmsg
remainder
remainderf
remainderl
remque
remquo
remquof
remquol
rename
renameat
rewinddir
rindex
rint
rintf
rintl
round
roundf
roundl
sbrk
scalb
scalbf
scalbln
scalblnf
scalblnl
scalbn
scalbnf
scalbnl
scandirat
scanf
sched_yield
seed48
seekdir
select
send
sendmsg
setkey
setlogmask
setstate
shutdown
signgam
significand
significandf
sin
sincos
sincosf
sincosl
sinf
sinh
sinhf
sinhl
sinl
snprintf
socket
socketpair
sprintf
sqrt
sqrtf
sqrtl
srand
srand48
srandom
sscanf
stat
stderr
stdin
stdout
stpcpy
stpncpy
strcasecmp
strcasecmp_l
strcasestr
strcat
strchr
strchrnul
strcmp
strcpy
strcspn
strdup
strerror
strerror_r
strlcat
strlcpy
strlen
strncasecmp
strncasecmp_l
strncat
strncmp
strncpy
strndup
strnlen
strpbrk
strrchr
strsep
strspn
strstr
strtod
strtod_l
strtof
strtof_l
strtoimax
strtok
strtok_r
strtol
strtold
strtold_l
strtoll
strtoul
strtoull
strtoumax
strverscmp
swab
symlinkat
sysconf
syslog
tan
tanf
tanh
tanhf
tanhl
tanl
tdelete
tdestroy
telldir
tfind
tgamma
tgammaf
tgammal
time
times
toascii
tolower
tolower_l
toupper
toupper_l
towctrans
towctrans_l
towlower
towlower_l
towupper
towupper_l
trunc
truncf
truncl
tsearch
twalk
uname
unlinkat
utimensat
vasprintf
vdprintf
vfprintf
vfscanf
vprintf
vscanf
vsnprintf
vsprintf
vsscanf
vsyslog
wcpcpy
wcpncpy
wcscasecmp
wcscasecmp_l
wcscat
wcschr
wcscmp
wcscpy
wcscspn
wcsdup
wcslen
wcsncasecmp
wcsncasecmp_l
wcsncat
wcsncmp
wcsncpy
wcsnlen
wcspbrk
wcsrchr
wcsspn
wcsstr
wcstod
wcstof
wcstoimax
wcstok
wcstol
wcstold
wcstoll
wcstoul
wcstoull
wcstoumax
wcswcs
wcswidth
wctrans
wctrans_l
wctype
wctype_l
wcwidth
wmemchr
wmemcmp
wmemcpy
wmemmove
wmemset
write
writev
y0
y0f
y1
y1f
yn
ynf
