__addtf3
__divtf3
__eqtf2
__extenddftf2
__extendsftf2
__fixtfdi
__fixtfsi
__fixunstfsi
__floatsitf
__floatunsitf
__getf2
__gttf2
__letf2
__lttf2
__muldc3
__muloti4
__mulsc3
__multc3
__multf3
__netf2
__stack_pointer
__subtf3
__trunctfdf2
__trunctfsf2
__unordtf2
cloudabi_sys_clock_res_get
cloudabi_sys_clock_time_get
cloudabi_sys_fd_close
cloudabi_sys_fd_create2
cloudabi_sys_fd_datasync
cloudabi_sys_fd_dup
cloudabi_sys_fd_pread
cloudabi_sys_fd_pwrite
cloudabi_sys_fd_read
cloudabi_sys_fd_replace
cloudabi_sys_fd_seek
cloudabi_sys_fd_stat_get
cloudabi_sys_fd_stat_put
cloudabi_sys_fd_sync
cloudabi_sys_fd_write
cloudabi_sys_file_advise
cloudabi_sys_file_allocate
cloudabi_sys_file_create
cloudabi_sys_file_link
cloudabi_sys_file_open
cloudabi_sys_file_readdir
cloudabi_sys_file_readlink
cloudabi_sys_file_rename
cloudabi_sys_file_stat_fget
cloudabi_sys_file_stat_fput
cloudabi_sys_file_stat_get
cloudabi_sys_file_stat_put
cloudabi_sys_file_symlink
cloudabi_sys_file_unlink
cloudabi_sys_mem_advise
cloudabi_sys_mem_map
cloudabi_sys_mem_protect
cloudabi_sys_mem_sync
cloudabi_sys_mem_unmap
cloudabi_sys_poll
cloudabi_sys_proc_exit
cloudabi_sys_random_get
cloudabi_sys_sock_recv
cloudabi_sys_sock_send
cloudabi_sys_sock_shutdown
cloudabi_sys_thread_yield
